GDRE Tools v2.5.0-beta.5
Windows 10.0.22631, NVIDIA GeForce GTX 1650, vulkan
Opening file: D:/xwechat_files/wxid_g0skmag18kr822_3b05/msg/file/2026-04/Test/Test/TeleTarot.pck
Loaded 46 imported files
Detected Engine Version: 4.6.2
Detected Bytecode Revision: 4.5.0-stable (ebc36a7)
Verified 97 files, no errors detected!
Extracted 97 files, no errors detected!
Saved project config.


********************************EXPORT REPORT********************************

Totals:                                 
Decompiled scripts:                     23
Failed scripts:                         0
Imported resources for export session:  46
Successfully converted:                 46
Lossy:                                  1
Rewrote metadata:                       13
Non-importable conversions:             0
Not converted:                          0
Failed conversions:                     0
-------------



------------------------------------------------------------------------------------

Use Godot editor version 4.6.2 to edit the project.

*******************************************************************************

